// Jest Snapshot v1, https://goo.gl/fbAQLP

exports[`Storyshots CompetitionDetails default 1`] = `
<View
  style={
    Object {
      "backgroundColor": "white",
      "flex": 1,
    }
  }
>
  <View
    style={
      Object {
        "flex": 1,
        "height": 1334,
      }
    }
    virtual={undefined}
  >
    <RCTScrollView
      automaticallyAdjustContentInsets={false}
      contentContainerStyle={
        Array [
          Object {
            "padding": 10,
          },
          undefined,
        ]
      }
      contentInset={
        Object {
          "bottom": 0,
        }
      }
      enableAutomaticScroll={true}
      enableResetScrollToCoords={true}
      extraHeight={75}
      extraScrollHeight={0}
      getScrollResponder={[Function]}
      handleOnScroll={[Function]}
      keyboardDismissMode="interactive"
      keyboardOpeningTime={250}
      keyboardShouldPersistTaps="handled"
      keyboardSpace={0}
      onScroll={[Function]}
      padder={true}
      resetKeyboardSpace={[Function]}
      resetScrollToCoords={
        Object {
          "x": 0,
          "y": 0,
        }
      }
      scrollEventThrottle={1}
      scrollForExtraHeightOnAndroid={[Function]}
      scrollToEnd={[Function]}
      scrollToFocusedInput={[Function]}
      scrollToPosition={[Function]}
      showsVerticalScrollIndicator={true}
      style={
        Object {
          "backgroundColor": "transparent",
          "flex": 1,
        }
      }
      viewIsInsideTabBar={false}
      virtual={undefined}
    >
      <View>
        <View
          style={
            Object {
              "backgroundColor": "#fff",
              "borderBottomWidth": 0.5,
              "borderColor": "#ccc",
              "borderLeftWidth": 0.5,
              "borderRadius": 2,
              "borderRightWidth": 0.5,
              "borderTopWidth": 0.5,
              "elevation": 3,
              "flex": 1,
              "flexWrap": "nowrap",
              "marginBottom": 5,
              "marginLeft": 2,
              "marginRight": 2,
              "marginTop": 5,
              "shadowColor": "#000",
              "shadowOffset": Object {
                "height": 2,
                "width": 0,
              },
              "shadowOpacity": 0.1,
              "shadowRadius": 1.5,
            }
          }
          virtual={undefined}
        >
          <View
            style={
              Object {
                "alignItems": "center",
                "backgroundColor": "#fff",
                "borderRadius": 2,
                "flexDirection": "row",
                "paddingBottom": 10,
                "paddingLeft": 15,
                "paddingRight": 15,
                "paddingTop": 10,
              }
            }
            virtual={undefined}
          >
            <View
              style={
                Object {
                  "alignItems": "flex-start",
                  "alignSelf": "stretch",
                  "flex": 1,
                }
              }
              virtual={undefined}
            >
              <Text
                accessible={true}
                allowFontScaling={true}
                ellipsizeMode="tail"
                style={
                  Array [
                    Object {
                      "color": "#000",
                      "fontFamily": "System",
                      "fontSize": 16,
                    },
                    Object {
                      "fontWeight": "bold",
                    },
                  ]
                }
                uppercase={false}
                virtual={undefined}
              >
                League One
              </Text>
              <Text
                accessible={true}
                allowFontScaling={true}
                ellipsizeMode="tail"
                style={
                  Object {
                    "color": "#000",
                    "fontFamily": "System",
                    "fontSize": 16,
                  }
                }
                uppercase={false}
                virtual={undefined}
              >
                20
                 Ã©quipes
              </Text>
            </View>
          </View>
        </View>
      </View>
    </RCTScrollView>
  </View>
</View>
`;

exports[`Storyshots CompetitionsList Default list 1`] = `
<View
  style={
    Object {
      "backgroundColor": "white",
    }
  }
>
  <RCTScrollView
    ListEmptyComponent={[Function]}
    data={
      Array [
        Object {
          "caption": "Bundesliga",
          "id": 450,
        },
        Object {
          "caption": "League One",
          "id": 447,
        },
        Object {
          "caption": "League Three",
          "id": 449,
        },
        Object {
          "caption": "League Two",
          "id": 448,
        },
        Object {
          "caption": "Ligue 1",
          "id": 451,
        },
      ]
    }
    disableVirtualization={false}
    getItem={[Function]}
    getItemCount={[Function]}
    horizontal={false}
    initialNumToRender={10}
    invertStickyHeaders={undefined}
    keyExtractor={[Function]}
    maxToRenderPerBatch={10}
    numColumns={1}
    onContentSizeChange={[Function]}
    onEndReachedThreshold={2}
    onLayout={[Function]}
    onMomentumScrollEnd={[Function]}
    onScroll={[Function]}
    onScrollBeginDrag={[Function]}
    onScrollEndDrag={[Function]}
    renderItem={[Function]}
    scrollEventThrottle={50}
    stickyHeaderIndices={Array []}
    updateCellsBatchingPeriod={50}
    viewabilityConfigCallbackPairs={Array []}
    windowSize={21}
  >
    <View>
      <View
        onLayout={[Function]}
        style={null}
      >
        <View
          accessibilityComponentType={undefined}
          accessibilityLabel={undefined}
          accessibilityTraits={undefined}
          accessible={true}
          hasTVPreferredFocus={undefined}
          hitSlop={undefined}
          isTVSelectable={true}
          nativeID={undefined}
          onLayout={undefined}
          onResponderGrant={[Function]}
          onResponderMove={[Function]}
          onResponderRelease={[Function]}
          onResponderTerminate={[Function]}
          onResponderTerminationRequest={[Function]}
          onStartShouldSetResponder={[Function]}
          style={null}
          testID={undefined}
          tvParallaxProperties={undefined}
        >
          <View
            noIndent={true}
            onPress={[Function]}
            style={
              Object {
                "alignItems": "center",
                "backgroundColor": "transparent",
                "borderBottomWidth": 0.5,
                "borderColor": "#c9c9c9",
                "flexDirection": "row",
                "marginLeft": null,
                "paddingBottom": 10,
                "paddingLeft": 16,
                "paddingRight": 10,
                "paddingTop": 10,
              }
            }
            virtual={undefined}
          >
            <View
              style={
                Object {
                  "alignItems": null,
                  "alignSelf": null,
                  "flex": 1,
                }
              }
              virtual={undefined}
            >
              <Text
                accessible={true}
                allowFontScaling={true}
                ellipsizeMode="tail"
                style={
                  Object {
                    "color": "#000",
                    "fontFamily": "System",
                    "fontSize": 16,
                    "marginLeft": 10,
                    "marginRight": 10,
                  }
                }
                uppercase={false}
                virtual={undefined}
              >
                Bundesliga
              </Text>
            </View>
          </View>
        </View>
      </View>
      <View
        onLayout={[Function]}
        style={null}
      >
        <View
          accessibilityComponentType={undefined}
          accessibilityLabel={undefined}
          accessibilityTraits={undefined}
          accessible={true}
          hasTVPreferredFocus={undefined}
          hitSlop={undefined}
          isTVSelectable={true}
          nativeID={undefined}
          onLayout={undefined}
          onResponderGrant={[Function]}
          onResponderMove={[Function]}
          onResponderRelease={[Function]}
          onResponderTerminate={[Function]}
          onResponderTerminationRequest={[Function]}
          onStartShouldSetResponder={[Function]}
          style={null}
          testID={undefined}
          tvParallaxProperties={undefined}
        >
          <View
            noIndent={true}
            onPress={[Function]}
            style={
              Object {
                "alignItems": "center",
                "backgroundColor": "transparent",
                "borderBottomWidth": 0.5,
                "borderColor": "#c9c9c9",
                "flexDirection": "row",
                "marginLeft": null,
                "paddingBottom": 10,
                "paddingLeft": 16,
                "paddingRight": 10,
                "paddingTop": 10,
              }
            }
            virtual={undefined}
          >
            <View
              style={
                Object {
                  "alignItems": null,
                  "alignSelf": null,
                  "flex": 1,
                }
              }
              virtual={undefined}
            >
              <Text
                accessible={true}
                allowFontScaling={true}
                ellipsizeMode="tail"
                style={
                  Object {
                    "color": "#000",
                    "fontFamily": "System",
                    "fontSize": 16,
                    "marginLeft": 10,
                    "marginRight": 10,
                  }
                }
                uppercase={false}
                virtual={undefined}
              >
                League One
              </Text>
            </View>
          </View>
        </View>
      </View>
      <View
        onLayout={[Function]}
        style={null}
      >
        <View
          accessibilityComponentType={undefined}
          accessibilityLabel={undefined}
          accessibilityTraits={undefined}
          accessible={true}
          hasTVPreferredFocus={undefined}
          hitSlop={undefined}
          isTVSelectable={true}
          nativeID={undefined}
          onLayout={undefined}
          onResponderGrant={[Function]}
          onResponderMove={[Function]}
          onResponderRelease={[Function]}
          onResponderTerminate={[Function]}
          onResponderTerminationRequest={[Function]}
          onStartShouldSetResponder={[Function]}
          style={null}
          testID={undefined}
          tvParallaxProperties={undefined}
        >
          <View
            noIndent={true}
            onPress={[Function]}
            style={
              Object {
                "alignItems": "center",
                "backgroundColor": "transparent",
                "borderBottomWidth": 0.5,
                "borderColor": "#c9c9c9",
                "flexDirection": "row",
                "marginLeft": null,
                "paddingBottom": 10,
                "paddingLeft": 16,
                "paddingRight": 10,
                "paddingTop": 10,
              }
            }
            virtual={undefined}
          >
            <View
              style={
                Object {
                  "alignItems": null,
                  "alignSelf": null,
                  "flex": 1,
                }
              }
              virtual={undefined}
            >
              <Text
                accessible={true}
                allowFontScaling={true}
                ellipsizeMode="tail"
                style={
                  Object {
                    "color": "#000",
                    "fontFamily": "System",
                    "fontSize": 16,
                    "marginLeft": 10,
                    "marginRight": 10,
                  }
                }
                uppercase={false}
                virtual={undefined}
              >
                League Three
              </Text>
            </View>
          </View>
        </View>
      </View>
      <View
        onLayout={[Function]}
        style={null}
      >
        <View
          accessibilityComponentType={undefined}
          accessibilityLabel={undefined}
          accessibilityTraits={undefined}
          accessible={true}
          hasTVPreferredFocus={undefined}
          hitSlop={undefined}
          isTVSelectable={true}
          nativeID={undefined}
          onLayout={undefined}
          onResponderGrant={[Function]}
          onResponderMove={[Function]}
          onResponderRelease={[Function]}
          onResponderTerminate={[Function]}
          onResponderTerminationRequest={[Function]}
          onStartShouldSetResponder={[Function]}
          style={null}
          testID={undefined}
          tvParallaxProperties={undefined}
        >
          <View
            noIndent={true}
            onPress={[Function]}
            style={
              Object {
                "alignItems": "center",
                "backgroundColor": "transparent",
                "borderBottomWidth": 0.5,
                "borderColor": "#c9c9c9",
                "flexDirection": "row",
                "marginLeft": null,
                "paddingBottom": 10,
                "paddingLeft": 16,
                "paddingRight": 10,
                "paddingTop": 10,
              }
            }
            virtual={undefined}
          >
            <View
              style={
                Object {
                  "alignItems": null,
                  "alignSelf": null,
                  "flex": 1,
                }
              }
              virtual={undefined}
            >
              <Text
                accessible={true}
                allowFontScaling={true}
                ellipsizeMode="tail"
                style={
                  Object {
                    "color": "#000",
                    "fontFamily": "System",
                    "fontSize": 16,
                    "marginLeft": 10,
                    "marginRight": 10,
                  }
                }
                uppercase={false}
                virtual={undefined}
              >
                League Two
              </Text>
            </View>
          </View>
        </View>
      </View>
      <View
        onLayout={[Function]}
        style={null}
      >
        <View
          accessibilityComponentType={undefined}
          accessibilityLabel={undefined}
          accessibilityTraits={undefined}
          accessible={true}
          hasTVPreferredFocus={undefined}
          hitSlop={undefined}
          isTVSelectable={true}
          nativeID={undefined}
          onLayout={undefined}
          onResponderGrant={[Function]}
          onResponderMove={[Function]}
          onResponderRelease={[Function]}
          onResponderTerminate={[Function]}
          onResponderTerminationRequest={[Function]}
          onStartShouldSetResponder={[Function]}
          style={null}
          testID={undefined}
          tvParallaxProperties={undefined}
        >
          <View
            noIndent={true}
            onPress={[Function]}
            style={
              Object {
                "alignItems": "center",
                "backgroundColor": "transparent",
                "borderBottomWidth": 0.5,
                "borderColor": "#c9c9c9",
                "flexDirection": "row",
                "marginLeft": null,
                "paddingBottom": 10,
                "paddingLeft": 16,
                "paddingRight": 10,
                "paddingTop": 10,
              }
            }
            virtual={undefined}
          >
            <View
              style={
                Object {
                  "alignItems": null,
                  "alignSelf": null,
                  "flex": 1,
                }
              }
              virtual={undefined}
            >
              <Text
                accessible={true}
                allowFontScaling={true}
                ellipsizeMode="tail"
                style={
                  Object {
                    "color": "#000",
                    "fontFamily": "System",
                    "fontSize": 16,
                    "marginLeft": 10,
                    "marginRight": 10,
                  }
                }
                uppercase={false}
                virtual={undefined}
              >
                Ligue 1
              </Text>
            </View>
          </View>
        </View>
      </View>
    </View>
  </RCTScrollView>
</View>
`;

exports[`Storyshots CompetitionsList Empty list 1`] = `
<View
  style={
    Object {
      "backgroundColor": "white",
    }
  }
>
  <RCTScrollView
    ListEmptyComponent={[Function]}
    data={Array []}
    disableVirtualization={false}
    getItem={[Function]}
    getItemCount={[Function]}
    horizontal={false}
    initialNumToRender={10}
    invertStickyHeaders={undefined}
    keyExtractor={[Function]}
    maxToRenderPerBatch={10}
    numColumns={1}
    onContentSizeChange={[Function]}
    onEndReachedThreshold={2}
    onLayout={[Function]}
    onMomentumScrollEnd={[Function]}
    onScroll={[Function]}
    onScrollBeginDrag={[Function]}
    onScrollEndDrag={[Function]}
    renderItem={[Function]}
    scrollEventThrottle={50}
    stickyHeaderIndices={Array []}
    updateCellsBatchingPeriod={50}
    viewabilityConfigCallbackPairs={Array []}
    windowSize={21}
  >
    <View>
      <View
        onLayout={[Function]}
        style={null}
      >
        <Text
          accessible={true}
          allowFontScaling={true}
          ellipsizeMode="tail"
          style={
            Object {
              "color": "#000",
              "fontFamily": "System",
              "fontSize": 16,
            }
          }
          uppercase={false}
          virtual={undefined}
        >
          Aucune donnÃ©e
        </Text>
      </View>
    </View>
  </RCTScrollView>
</View>
`;

exports[`Storyshots CompetitionsList Pressable list 1`] = `
<View
  style={
    Object {
      "backgroundColor": "white",
    }
  }
>
  <RCTScrollView
    ListEmptyComponent={[Function]}
    data={
      Array [
        Object {
          "caption": "Bundesliga",
          "id": 450,
        },
        Object {
          "caption": "League One",
          "id": 447,
        },
        Object {
          "caption": "League Three",
          "id": 449,
        },
        Object {
          "caption": "League Two",
          "id": 448,
        },
        Object {
          "caption": "Ligue 1",
          "id": 451,
        },
      ]
    }
    disableVirtualization={false}
    getItem={[Function]}
    getItemCount={[Function]}
    horizontal={false}
    initialNumToRender={10}
    invertStickyHeaders={undefined}
    keyExtractor={[Function]}
    maxToRenderPerBatch={10}
    numColumns={1}
    onContentSizeChange={[Function]}
    onEndReachedThreshold={2}
    onLayout={[Function]}
    onMomentumScrollEnd={[Function]}
    onScroll={[Function]}
    onScrollBeginDrag={[Function]}
    onScrollEndDrag={[Function]}
    renderItem={[Function]}
    scrollEventThrottle={50}
    stickyHeaderIndices={Array []}
    updateCellsBatchingPeriod={50}
    viewabilityConfigCallbackPairs={Array []}
    windowSize={21}
  >
    <View>
      <View
        onLayout={[Function]}
        style={null}
      >
        <View
          accessibilityComponentType={undefined}
          accessibilityLabel={undefined}
          accessibilityTraits={undefined}
          accessible={true}
          hasTVPreferredFocus={undefined}
          hitSlop={undefined}
          isTVSelectable={true}
          nativeID={undefined}
          onLayout={undefined}
          onResponderGrant={[Function]}
          onResponderMove={[Function]}
          onResponderRelease={[Function]}
          onResponderTerminate={[Function]}
          onResponderTerminationRequest={[Function]}
          onStartShouldSetResponder={[Function]}
          style={null}
          testID={undefined}
          tvParallaxProperties={undefined}
        >
          <View
            noIndent={true}
            onPress={[Function]}
            style={
              Object {
                "alignItems": "center",
                "backgroundColor": "transparent",
                "borderBottomWidth": 0.5,
                "borderColor": "#c9c9c9",
                "flexDirection": "row",
                "marginLeft": null,
                "paddingBottom": 10,
                "paddingLeft": 16,
                "paddingRight": 10,
                "paddingTop": 10,
              }
            }
            virtual={undefined}
          >
            <View
              style={
                Object {
                  "alignItems": null,
                  "alignSelf": null,
                  "flex": 1,
                }
              }
              virtual={undefined}
            >
              <Text
                accessible={true}
                allowFontScaling={true}
                ellipsizeMode="tail"
                style={
                  Object {
                    "color": "#000",
                    "fontFamily": "System",
                    "fontSize": 16,
                    "marginLeft": 10,
                    "marginRight": 10,
                  }
                }
                uppercase={false}
                virtual={undefined}
              >
                Bundesliga
              </Text>
            </View>
            <View
              style={
                Object {
                  "alignItems": "flex-end",
                  "alignSelf": "center",
                  "flex": 0.28,
                  "paddingBottom": null,
                  "paddingLeft": null,
                  "paddingRight": null,
                  "paddingTop": null,
                }
              }
              virtual={undefined}
            >
              <Text
                accessible={true}
                allowFontScaling={false}
                ellipsizeMode="tail"
                style={
                  Array [
                    Object {
                      "color": undefined,
                      "fontSize": 12,
                    },
                    Array [
                      Object {
                        "color": "#000",
                        "fontSize": 30,
                      },
                      Object {
                        "alignSelf": null,
                        "color": "#c9c8cd",
                        "fontSize": 22,
                      },
                    ],
                    Object {
                      "fontFamily": "Ionicons",
                      "fontStyle": "normal",
                      "fontWeight": "normal",
                    },
                  ]
                }
                virtual={undefined}
              >
                ï
              </Text>
            </View>
          </View>
        </View>
      </View>
      <View
        onLayout={[Function]}
        style={null}
      >
        <View
          accessibilityComponentType={undefined}
          accessibilityLabel={undefined}
          accessibilityTraits={undefined}
          accessible={true}
          hasTVPreferredFocus={undefined}
          hitSlop={undefined}
          isTVSelectable={true}
          nativeID={undefined}
          onLayout={undefined}
          onResponderGrant={[Function]}
          onResponderMove={[Function]}
          onResponderRelease={[Function]}
          onResponderTerminate={[Function]}
          onResponderTerminationRequest={[Function]}
          onStartShouldSetResponder={[Function]}
          style={null}
          testID={undefined}
          tvParallaxProperties={undefined}
        >
          <View
            noIndent={true}
            onPress={[Function]}
            style={
              Object {
                "alignItems": "center",
                "backgroundColor": "transparent",
                "borderBottomWidth": 0.5,
                "borderColor": "#c9c9c9",
                "flexDirection": "row",
                "marginLeft": null,
                "paddingBottom": 10,
                "paddingLeft": 16,
                "paddingRight": 10,
                "paddingTop": 10,
              }
            }
            virtual={undefined}
          >
            <View
              style={
                Object {
                  "alignItems": null,
                  "alignSelf": null,
                  "flex": 1,
                }
              }
              virtual={undefined}
            >
              <Text
                accessible={true}
                allowFontScaling={true}
                ellipsizeMode="tail"
                style={
                  Object {
                    "color": "#000",
                    "fontFamily": "System",
                    "fontSize": 16,
                    "marginLeft": 10,
                    "marginRight": 10,
                  }
                }
                uppercase={false}
                virtual={undefined}
              >
                League One
              </Text>
            </View>
            <View
              style={
                Object {
                  "alignItems": "flex-end",
                  "alignSelf": "center",
                  "flex": 0.28,
                  "paddingBottom": null,
                  "paddingLeft": null,
                  "paddingRight": null,
                  "paddingTop": null,
                }
              }
              virtual={undefined}
            >
              <Text
                accessible={true}
                allowFontScaling={false}
                ellipsizeMode="tail"
                style={
                  Array [
                    Object {
                      "color": undefined,
                      "fontSize": 12,
                    },
                    Array [
                      Object {
                        "color": "#000",
                        "fontSize": 30,
                      },
                      Object {
                        "alignSelf": null,
                        "color": "#c9c8cd",
                        "fontSize": 22,
                      },
                    ],
                    Object {
                      "fontFamily": "Ionicons",
                      "fontStyle": "normal",
                      "fontWeight": "normal",
                    },
                  ]
                }
                virtual={undefined}
              >
                ï
              </Text>
            </View>
          </View>
        </View>
      </View>
      <View
        onLayout={[Function]}
        style={null}
      >
        <View
          accessibilityComponentType={undefined}
          accessibilityLabel={undefined}
          accessibilityTraits={undefined}
          accessible={true}
          hasTVPreferredFocus={undefined}
          hitSlop={undefined}
          isTVSelectable={true}
          nativeID={undefined}
          onLayout={undefined}
          onResponderGrant={[Function]}
          onResponderMove={[Function]}
          onResponderRelease={[Function]}
          onResponderTerminate={[Function]}
          onResponderTerminationRequest={[Function]}
          onStartShouldSetResponder={[Function]}
          style={null}
          testID={undefined}
          tvParallaxProperties={undefined}
        >
          <View
            noIndent={true}
            onPress={[Function]}
            style={
              Object {
                "alignItems": "center",
                "backgroundColor": "transparent",
                "borderBottomWidth": 0.5,
                "borderColor": "#c9c9c9",
                "flexDirection": "row",
                "marginLeft": null,
                "paddingBottom": 10,
                "paddingLeft": 16,
                "paddingRight": 10,
                "paddingTop": 10,
              }
            }
            virtual={undefined}
          >
            <View
              style={
                Object {
                  "alignItems": null,
                  "alignSelf": null,
                  "flex": 1,
                }
              }
              virtual={undefined}
            >
              <Text
                accessible={true}
                allowFontScaling={true}
                ellipsizeMode="tail"
                style={
                  Object {
                    "color": "#000",
                    "fontFamily": "System",
                    "fontSize": 16,
                    "marginLeft": 10,
                    "marginRight": 10,
                  }
                }
                uppercase={false}
                virtual={undefined}
              >
                League Three
              </Text>
            </View>
            <View
              style={
                Object {
                  "alignItems": "flex-end",
                  "alignSelf": "center",
                  "flex": 0.28,
                  "paddingBottom": null,
                  "paddingLeft": null,
                  "paddingRight": null,
                  "paddingTop": null,
                }
              }
              virtual={undefined}
            >
              <Text
                accessible={true}
                allowFontScaling={false}
                ellipsizeMode="tail"
                style={
                  Array [
                    Object {
                      "color": undefined,
                      "fontSize": 12,
                    },
                    Array [
                      Object {
                        "color": "#000",
                        "fontSize": 30,
                      },
                      Object {
                        "alignSelf": null,
                        "color": "#c9c8cd",
                        "fontSize": 22,
                      },
                    ],
                    Object {
                      "fontFamily": "Ionicons",
                      "fontStyle": "normal",
                      "fontWeight": "normal",
                    },
                  ]
                }
                virtual={undefined}
              >
                ï
              </Text>
            </View>
          </View>
        </View>
      </View>
      <View
        onLayout={[Function]}
        style={null}
      >
        <View
          accessibilityComponentType={undefined}
          accessibilityLabel={undefined}
          accessibilityTraits={undefined}
          accessible={true}
          hasTVPreferredFocus={undefined}
          hitSlop={undefined}
          isTVSelectable={true}
          nativeID={undefined}
          onLayout={undefined}
          onResponderGrant={[Function]}
          onResponderMove={[Function]}
          onResponderRelease={[Function]}
          onResponderTerminate={[Function]}
          onResponderTerminationRequest={[Function]}
          onStartShouldSetResponder={[Function]}
          style={null}
          testID={undefined}
          tvParallaxProperties={undefined}
        >
          <View
            noIndent={true}
            onPress={[Function]}
            style={
              Object {
                "alignItems": "center",
                "backgroundColor": "transparent",
                "borderBottomWidth": 0.5,
                "borderColor": "#c9c9c9",
                "flexDirection": "row",
                "marginLeft": null,
                "paddingBottom": 10,
                "paddingLeft": 16,
                "paddingRight": 10,
                "paddingTop": 10,
              }
            }
            virtual={undefined}
          >
            <View
              style={
                Object {
                  "alignItems": null,
                  "alignSelf": null,
                  "flex": 1,
                }
              }
              virtual={undefined}
            >
              <Text
                accessible={true}
                allowFontScaling={true}
                ellipsizeMode="tail"
                style={
                  Object {
                    "color": "#000",
                    "fontFamily": "System",
                    "fontSize": 16,
                    "marginLeft": 10,
                    "marginRight": 10,
                  }
                }
                uppercase={false}
                virtual={undefined}
              >
                League Two
              </Text>
            </View>
            <View
              style={
                Object {
                  "alignItems": "flex-end",
                  "alignSelf": "center",
                  "flex": 0.28,
                  "paddingBottom": null,
                  "paddingLeft": null,
                  "paddingRight": null,
                  "paddingTop": null,
                }
              }
              virtual={undefined}
            >
              <Text
                accessible={true}
                allowFontScaling={false}
                ellipsizeMode="tail"
                style={
                  Array [
                    Object {
                      "color": undefined,
                      "fontSize": 12,
                    },
                    Array [
                      Object {
                        "color": "#000",
                        "fontSize": 30,
                      },
                      Object {
                        "alignSelf": null,
                        "color": "#c9c8cd",
                        "fontSize": 22,
                      },
                    ],
                    Object {
                      "fontFamily": "Ionicons",
                      "fontStyle": "normal",
                      "fontWeight": "normal",
                    },
                  ]
                }
                virtual={undefined}
              >
                ï
              </Text>
            </View>
          </View>
        </View>
      </View>
      <View
        onLayout={[Function]}
        style={null}
      >
        <View
          accessibilityComponentType={undefined}
          accessibilityLabel={undefined}
          accessibilityTraits={undefined}
          accessible={true}
          hasTVPreferredFocus={undefined}
          hitSlop={undefined}
          isTVSelectable={true}
          nativeID={undefined}
          onLayout={undefined}
          onResponderGrant={[Function]}
          onResponderMove={[Function]}
          onResponderRelease={[Function]}
          onResponderTerminate={[Function]}
          onResponderTerminationRequest={[Function]}
          onStartShouldSetResponder={[Function]}
          style={null}
          testID={undefined}
          tvParallaxProperties={undefined}
        >
          <View
            noIndent={true}
            onPress={[Function]}
            style={
              Object {
                "alignItems": "center",
                "backgroundColor": "transparent",
                "borderBottomWidth": 0.5,
                "borderColor": "#c9c9c9",
                "flexDirection": "row",
                "marginLeft": null,
                "paddingBottom": 10,
                "paddingLeft": 16,
                "paddingRight": 10,
                "paddingTop": 10,
              }
            }
            virtual={undefined}
          >
            <View
              style={
                Object {
                  "alignItems": null,
                  "alignSelf": null,
                  "flex": 1,
                }
              }
              virtual={undefined}
            >
              <Text
                accessible={true}
                allowFontScaling={true}
                ellipsizeMode="tail"
                style={
                  Object {
                    "color": "#000",
                    "fontFamily": "System",
                    "fontSize": 16,
                    "marginLeft": 10,
                    "marginRight": 10,
                  }
                }
                uppercase={false}
                virtual={undefined}
              >
                Ligue 1
              </Text>
            </View>
            <View
              style={
                Object {
                  "alignItems": "flex-end",
                  "alignSelf": "center",
                  "flex": 0.28,
                  "paddingBottom": null,
                  "paddingLeft": null,
                  "paddingRight": null,
                  "paddingTop": null,
                }
              }
              virtual={undefined}
            >
              <Text
                accessible={true}
                allowFontScaling={false}
                ellipsizeMode="tail"
                style={
                  Array [
                    Object {
                      "color": undefined,
                      "fontSize": 12,
                    },
                    Array [
                      Object {
                        "color": "#000",
                        "fontSize": 30,
                      },
                      Object {
                        "alignSelf": null,
                        "color": "#c9c8cd",
                        "fontSize": 22,
                      },
                    ],
                    Object {
                      "fontFamily": "Ionicons",
                      "fontStyle": "normal",
                      "fontWeight": "normal",
                    },
                  ]
                }
                virtual={undefined}
              >
                ï
              </Text>
            </View>
          </View>
        </View>
      </View>
    </View>
  </RCTScrollView>
</View>
`;
